 argument  1 = /Users/edo/builds/a4cGwnyq/0/edoapra/nwchem/QA/tests/pspw_beef_h2o/pspw_beef_h2o.nw



============================== echo of input deck ==============================
title "pspw_beef QA test for H2O"

echo

start pspw_beef_H2O1


charge 0

geometry noautoz nocenter noautosym
O     0.00000   -0.05890    0.00000
H    -0.81100    0.46770    0.00000
H     0.81100    0.46770    0.00000
end

nwpw
  simulation_cell
    SC 20.0
  end
  odft
  mult 1
  xc beef
  lmbfgs
  cutoff 50.0
end

set nwpw:cif_filename H2O1

task pspw energy ignore

nwpw
  dft
end
task pspw energy

driver
   clear
   maxiter 30
end
task pspw optimize ignore


================================================================================


                                         
                                         


             Northwest Computational Chemistry Package (NWChem) 7.0.1
             --------------------------------------------------------


                    Environmental Molecular Sciences Laboratory
                       Pacific Northwest National Laboratory
                                Richland, WA 99352

                              Copyright (c) 1994-2020
                       Pacific Northwest National Laboratory
                            Battelle Memorial Institute

             NWChem is an open-source computational chemistry package
                        distributed under the terms of the
                      Educational Community License (ECL) 2.0
             A copy of the license is included with this distribution
                              in the LICENSE.TXT file

                                  ACKNOWLEDGMENT
                                  --------------

            This software and its documentation were developed at the
            EMSL at Pacific Northwest National Laboratory, a multiprogram
            national laboratory, operated for the U.S. Department of Energy
            by Battelle under Contract Number DE-AC05-76RL01830. Support
            for this work was provided by the Department of Energy Office
            of Biological and Environmental Research, Office of Basic
            Energy Sciences, and the Office of Advanced Scientific Computing.


           Job information
           ---------------

    hostname        = we27962
    program         = /Users/edo/builds/a4cGwnyq/0/edoapra/nwchem/bin/MACX64/nwchem
    date            = Wed Apr  7 17:41:10 2021

    compiled        = Wed_Apr_07_11:37:12_2021
    source          = /Users/edo/builds/a4cGwnyq/0/edoapra/nwchem
    nwchem branch   = 7.0.0
    nwchem revision = eca73c56
    ga revision     = 5.8.0
    use scalapack   = T
    input           = /Users/edo/builds/a4cGwnyq/0/edoapra/nwchem/QA/tests/pspw_beef_h2o/pspw_beef_h2o.nw
    prefix          = pspw_beef_H2O1.
    data base       = ./pspw_beef_H2O1.db
    status          = startup
    nproc           =        2
    time left       =     -1s



           Memory information
           ------------------

    heap     =   73074072 doubles =    557.5 Mbytes
    stack    =   73074073 doubles =    557.5 Mbytes
    global   =   41756615 doubles =    318.6 Mbytes (distinct from heap & stack)
    total    =  187904760 doubles =   1433.6 Mbytes
    verify   = yes
    hardfail = no 


           Directory information
           ---------------------

  0 permanent = .
  0 scratch   = .




                                NWChem Input Module
                                -------------------


                             pspw_beef QA test for H2O
                             -------------------------

 Scaling coordinates for geometry "geometry" by  1.889725989
 (inverse scale =  0.529177249)



                             Geometry "geometry" -> ""
                             -------------------------

 Output coordinates in angstroms (scale by  1.889725989 to convert to a.u.)

  No.       Tag          Charge          X              Y              Z
 ---- ---------------- ---------- -------------- -------------- --------------
    1 O                    8.0000     0.00000000    -0.05890000     0.00000000
    2 H                    1.0000    -0.81100000     0.46770000     0.00000000
    3 H                    1.0000     0.81100000     0.46770000     0.00000000

      Atomic Mass 
      ----------- 

      O                 15.994910
      H                  1.007825


 Effective nuclear repulsion energy (a.u.)       9.0823094384

            Nuclear Dipole moment (a.u.) 
            ----------------------------
        X                 Y               Z
 ---------------- ---------------- ----------------
     0.0000000000     0.8772108039     0.0000000000


            XYZ format geometry
            -------------------
     3
 geometry
 O                     0.00000000    -0.05890000     0.00000000
 H                    -0.81100000     0.46770000     0.00000000
 H                     0.81100000     0.46770000     0.00000000

 ==============================================================================
                                internuclear distances
 ------------------------------------------------------------------------------
       center one      |      center two      | atomic units |  angstroms
 ------------------------------------------------------------------------------
    2 H                |   1 O                |     1.82731  |     0.96697
    3 H                |   1 O                |     1.82731  |     0.96697
 ------------------------------------------------------------------------------
                         number of included internuclear distances:          2
 ==============================================================================



 ==============================================================================
                                 internuclear angles
 ------------------------------------------------------------------------------
        center 1       |       center 2       |       center 3       |  degrees
 ------------------------------------------------------------------------------
    2 H                |   1 O                |   3 H                |   114.01
 ------------------------------------------------------------------------------
                            number of included internuclear angles:          1
 ==============================================================================



          ****************************************************
          *                                                  *
          *               NWPW PSPW Calculation              *
          *                                                  *
          * [ (Grassmann/Stiefel manifold implementation)  ] *
          *                                                  *
          *      [ NorthWest Chemistry implementation ]      *
          *                                                  *
          *            version #5.10   06/12/02              *
          *                                                  *
          *    This code was developed by Eric J. Bylaska,   *
          *    and was based upon algorithms and code        *
          *    developed by the group of Prof. John H. Weare *
          *                                                  *
          ****************************************************
     >>>  JOB STARTED       AT Wed Apr  7 17:41:10 2021  <<<
          ================ input data ========================
  library name resolved from: compiled reference
  NWCHEM_NWPW_LIBRARY set to: </Users/edo/builds/a4cGwnyq/0/edoapra/nwchem/src/nwpw/libraryps/>
 Generating 1d pseudopotential for O   

 Generated formatted_filename: ./O.vpp
  library name resolved from: compiled reference
  NWCHEM_NWPW_LIBRARY set to: </Users/edo/builds/a4cGwnyq/0/edoapra/nwchem/src/nwpw/libraryps/>
 Generating 1d pseudopotential for H   

 Generated formatted_filename: ./H.vpp
 random planewave guess, initial psi:pspw_beef_H2O1.movecs                             
 -   spin, nalpha, nbeta:                    2                    4                    4

 input psi filename:./pspw_beef_H2O1.movecs

 Warning - K.S. orbitals are not orthonormal. Applying Gram-Schmidt orthonormalization.
         - exact norm=0.800000E+01 norm=0.531127E+01 corrected norm=0.800000E+01 (error=0.268873E+01)


 number of processors used:         2
 processor grid           :   2 x   1
 parallel mapping         :2d hilbert
 parallel mapping         :  balanced
 number of threads        :         1
 parallel io              :       off

 options:
      boundary conditions  = periodic    (version3)
      electron spin        = unrestricted
      exchange-correlation = BEEF (White and Bird) parameterization

 elements involved in the cluster:
      1: O   valence charge:  6.0000  lmax=  2
             comment    : Parameterized (Chem.Phys.Lett., vol 322, page 447) Hamman psp
             pseudpotential type            :   0
             highest angular component      :   2
             local potential used           :   2
             number of non-local projections:   4
             cutoff =   0.700   0.700   0.700

      2: H   valence charge:  1.0000  lmax=  1
             comment    : Parameterized (Chem.Phys.Lett., vol 322, page 447) Hamman psp
             pseudpotential type            :   0
             highest angular component      :   1
             local potential used           :   1
             number of non-local projections:   1
             cutoff =   0.800   0.800


 total charge:   0.000

 atomic composition:
     O   :    1     H   :    2

 number of electrons: spin up=     4 (   4 per task)  down=     4 (   4 per task) (Fourier space)
 number of orbitals : spin up=     4 (   4 per task)  down=     4 (   4 per task) (Fourier space)

 supercell:
      cell_name:  cell_default                                      
      lattice:    a1=<  20.000   0.000   0.000 >
                  a2=<   0.000  20.000   0.000 >
                  a3=<   0.000   0.000  20.000 >
      reciprocal: b1=<   0.314   0.000   0.000 >
                  b2=<   0.000   0.314   0.000 >
                  b3=<   0.000   0.000   0.314 >
      lattice:    a=      20.000 b=     20.000 c=      20.000
                  alpha=  90.000 beta=  90.000 gamma=  90.000
                  omega=      8000.0

      density cutoff= 25.000  fft= 48x 48x 48(    23917 waves    11959 per task)
      wavefnc cutoff= 12.500  fft= 48x 48x 48(     8440 waves     4220 per task)
      Ewald summation: cut radius=    6.37  and  1
                       Madelung Wigner-Seitz=    1.76011888 (alpha=    2.83729748 rs=12.40700982)

 technical parameters:
      time step=      5.80     fictitious mass=  400000.0
      tolerance=0.100E-06 (energy)   0.100E-06 (density)
      maximum iterations =      1000 (   10 inner    100 outer )





== Energy Calculation ==


          ============ Grassmann lmbfgs iteration ============
     >>>  ITERATION STARTED AT Wed Apr  7 17:41:12 2021  <<<
    iter.           Energy         DeltaE       DeltaRho 
    ------------------------------------------------------
     -  15 steepest descent iterations performed
      10   -0.1581130565E+02   -0.28429E+00    0.22891E+01
     -  10 steepest descent iterations performed
      20   -0.1666236222E+02   -0.60593E-02    0.31471E-01
      30   -0.1667302808E+02   -0.59484E-04    0.18423E-03
      40   -0.1667313659E+02   -0.74283E-06    0.91100E-06
      50   -0.1667313768E+02   -0.81594E-07    0.43058E-08
  *** tolerance ok. iteration terminated
     >>>  ITERATION ENDED   AT Wed Apr  7 17:41:31 2021  <<<


==  Summary Of Results  ==

 number of electrons: spin up=    4.00000  down=    4.00000 (real space)

 total     energy    :  -0.1667313768E+02 (   -0.55577E+01/ion)
 total orbital energy:  -0.4189268537E+01 (   -0.52366E+00/electron)
 hartree   energy    :   0.1604002915E+02 (    0.20050E+01/electron)
 exc-corr  energy    :  -0.4145681347E+01 (   -0.51821E+00/electron)
 ion-ion   energy    :   0.2366648438E+01 (    0.78888E+00/ion)

 kinetic (planewave) :   0.1064411124E+02 (    0.13305E+01/electron)
 V_local (planewave) :  -0.4138666714E+02 (   -0.51733E+01/electron)
 V_nl    (planewave) :  -0.1915780191E+00 (   -0.23947E-01/electron)
 V_Coul  (planewave) :   0.3208005830E+02 (    0.40100E+01/electron)
 V_xc.   (planewave) :  -0.5335192913E+01 (   -0.66690E+00/electron)
 Virial Coefficient  :  -0.1393576170E+01

 orbital energies:
    -0.2507675E+00 (  -6.824eV)    -0.2507706E+00 (  -6.824eV)
    -0.3307066E+00 (  -8.999eV)    -0.3307118E+00 (  -8.999eV)
    -0.4996873E+00 ( -13.597eV)    -0.4996873E+00 ( -13.597eV)
    -0.1013465E+01 ( -27.578eV)    -0.1013472E+01 ( -27.578eV)

 Total PSPW energy     :  -0.1667313768E+02


=== Spin Contamination ===

 <Sexact^2> =    0.0000000000000000     
 <S^2>      =    3.5400274400743115E-007



== Center of Charge ==

spin up     (    0.0001,    0.0748,    0.0000 )
spin down   (   -0.0000,    0.0747,   -0.0001 )
     total  (    0.0000,    0.0748,   -0.0000 )
ionic       (    0.0000,    0.1375,    0.0000 )


== Molecular Dipole wrt Center of Mass ==

mu   =  (   -0.0002,    0.5017,    0.0002 ) au
|mu| =     0.5017 au,       1.2751 Debye

 output psi filename:./pspw_beef_H2O1.movecs

 Writing Crystallographic Information File:./H2O1.cif
   - cell not shifted (nwpw:cif_shift_cell .false.)


== Timing ==

cputime in seconds
  prologue    :   0.180364E+01
  main loop   :   0.191046E+02
  epilogue    :   0.504980E-01
  total       :   0.209587E+02
  cputime/step:   0.146958E+00       (     130 evalulations,      45 linesearches)


Time spent doing                        total          step       percent
  total time                 :   0.209594E+02  0.161226E+00       100.0 %
  i/o time                   :   0.152211E+01  0.117086E-01         7.3 %
  FFTs                       :   0.472286E+01  0.363297E-01        22.5 %
  dot products               :   0.132070E+00  0.101592E-02         0.6 %
  geodesic                   :   0.193990E+00  0.149223E-02         0.9 %
  ffm_dgemm                  :   0.438681E-01  0.337447E-03         0.2 %
  fmf_dgemm                  :   0.946084E-01  0.727757E-03         0.5 %
  mmm_dgemm                  :   0.284078E-02  0.218522E-04         0.0 %
  m_diagonalize              :   0.206196E-02  0.158613E-04         0.0 %
  exchange correlation       :   0.140121E+02  0.107786E+00        66.9 %
  local pseudopotentials     :   0.618000E-03  0.475385E-05         0.0 %
  non-local pseudopotentials :   0.115922E+00  0.891708E-03         0.6 %
  hartree potentials         :   0.237270E-01  0.182515E-03         0.1 %
  ion-ion interaction        :   0.223500E-02  0.171923E-04         0.0 %
  structure factors          :   0.193395E-01  0.148766E-03         0.1 %
  phase factors              :   0.159990E-04  0.123069E-06         0.0 %
  masking and packing        :   0.540627E+00  0.415867E-02         2.6 %
  queue fft                  :   0.336287E+01  0.258682E-01        16.0 %
  queue fft (serial)         :   0.156712E+01  0.120547E-01         7.5 %
  queue fft (message passing):   0.167897E+01  0.129152E-01         8.0 %
  non-local psp FFM          :   0.716281E-01  0.550986E-03         0.3 %
  non-local psp FMF          :   0.243590E-01  0.187377E-03         0.1 %
  non-local psp FFM A        :   0.116957E-01  0.899667E-04         0.1 %
  non-local psp FFM B        :   0.428800E-01  0.329846E-03         0.2 %

     >>>  JOB COMPLETED     AT Wed Apr  7 17:41:31 2021  <<<
          ****************************************************
          *                                                  *
          *               NWPW PSPW Calculation              *
          *                                                  *
          * [ (Grassmann/Stiefel manifold implementation)  ] *
          *                                                  *
          *      [ NorthWest Chemistry implementation ]      *
          *                                                  *
          *            version #5.10   06/12/02              *
          *                                                  *
          *    This code was developed by Eric J. Bylaska,   *
          *    and was based upon algorithms and code        *
          *    developed by the group of Prof. John H. Weare *
          *                                                  *
          ****************************************************
     >>>  JOB STARTED       AT Wed Apr  7 17:41:31 2021  <<<
          ================ input data ========================
 pseudopotential is not correctly formatted:O.vpp                                             

 Generated formatted_filename: ./O.vpp
 pseudopotential is not correctly formatted:H.vpp                                             

 Generated formatted_filename: ./H.vpp
 Error reading psi - bad grid
 nfft :                   48                   48                   48
 ngrid:                   70                   70                   70
 Error reading psi - bad grid
 nfft :                   48                   48                   48
 ngrid:                   70                   70                   70
 Error reading psi - bad grid

 Grid is being converted:
 ------------------------

 To turn off automatic grid conversion:

 set nwpw:psi_nogrid .false.

 old_filename: pspw_beef_H2O1.movecs                             
 new_filename: pspw_beef_H2O1.movecs                             
 converting  :  48x 48x 48 -->  70x 70x 70
converting .... psi:    1 spin: 1
converting .... psi:    2 spin: 1
converting .... psi:    3 spin: 1
converting .... psi:    4 spin: 1
converting .... psi:    1 spin: 2
converting .... psi:    2 spin: 2
converting .... psi:    3 spin: 2
converting .... psi:    4 spin: 2

 input psi filename:./pspw_beef_H2O1.movecs

 number of processors used:         2
 processor grid           :   2 x   1
 parallel mapping         :2d hilbert
 parallel mapping         :  balanced
 number of threads        :         1
 parallel io              :       off

 options:
      boundary conditions  = periodic    (version3)
      electron spin        = unrestricted
      exchange-correlation = BEEF (White and Bird) parameterization

 elements involved in the cluster:
      1: O   valence charge:  6.0000  lmax=  2
             comment    : Parameterized (Chem.Phys.Lett., vol 322, page 447) Hamman psp
             pseudpotential type            :   0
             highest angular component      :   2
             local potential used           :   2
             number of non-local projections:   4
             cutoff =   0.700   0.700   0.700

      2: H   valence charge:  1.0000  lmax=  1
             comment    : Parameterized (Chem.Phys.Lett., vol 322, page 447) Hamman psp
             pseudpotential type            :   0
             highest angular component      :   1
             local potential used           :   1
             number of non-local projections:   1
             cutoff =   0.800   0.800


 total charge:   0.000

 atomic composition:
     O   :    1     H   :    2

 number of electrons: spin up=     4 (   4 per task)  down=     4 (   4 per task) (Fourier space)
 number of orbitals : spin up=     4 (   4 per task)  down=     4 (   4 per task) (Fourier space)

 supercell:
      cell_name:  cell_default                                      
      lattice:    a1=<  20.000   0.000   0.000 >
                  a2=<   0.000  20.000   0.000 >
                  a3=<   0.000   0.000  20.000 >
      reciprocal: b1=<   0.314   0.000   0.000 >
                  b2=<   0.000   0.314   0.000 >
                  b3=<   0.000   0.000   0.314 >
      lattice:    a=      20.000 b=     20.000 c=      20.000
                  alpha=  90.000 beta=  90.000 gamma=  90.000
                  omega=      8000.0

      density cutoff= 50.000  fft= 70x 70x 70(    67522 waves    33761 per task)
      wavefnc cutoff= 25.000  fft= 70x 70x 70(    23917 waves    11959 per task)
      Ewald summation: cut radius=    6.37  and  1
                       Madelung Wigner-Seitz=    1.76011888 (alpha=    2.83729748 rs=12.40700982)

 technical parameters:
      time step=      5.80     fictitious mass=  400000.0
      tolerance=0.100E-06 (energy)   0.100E-06 (density)
      maximum iterations =      1000 (   10 inner    100 outer )





== Energy Calculation ==


          ============ Grassmann lmbfgs iteration ============
     >>>  ITERATION STARTED AT Wed Apr  7 17:41:38 2021  <<<
    iter.           Energy         DeltaE       DeltaRho 
    ------------------------------------------------------
      10   -0.1723603158E+02   -0.22429E-03    0.69993E-01
      20   -0.1723651103E+02   -0.51966E-05    0.28432E-04
      30   -0.1723652103E+02   -0.89825E-07    0.32608E-07
  *** tolerance ok. iteration terminated
     >>>  ITERATION ENDED   AT Wed Apr  7 17:42:30 2021  <<<


==  Summary Of Results  ==

 number of electrons: spin up=    4.00000  down=    4.00000 (real space)

 total     energy    :  -0.1723652103E+02 (   -0.57455E+01/ion)
 total orbital energy:  -0.3966079855E+01 (   -0.49576E+00/electron)
 hartree   energy    :   0.1686441698E+02 (    0.21081E+01/electron)
 exc-corr  energy    :  -0.4293968053E+01 (   -0.53675E+00/electron)
 ion-ion   energy    :   0.2366648438E+01 (    0.78888E+00/ion)

 kinetic (planewave) :   0.1236051116E+02 (    0.15451E+01/electron)
 V_local (planewave) :  -0.4332726043E+02 (   -0.54159E+01/electron)
 V_nl    (planewave) :  -0.1206869123E+01 (   -0.15086E+00/electron)
 V_Coul  (planewave) :   0.3372883396E+02 (    0.42161E+01/electron)
 V_xc.   (planewave) :  -0.5521295418E+01 (   -0.69016E+00/electron)
 Virial Coefficient  :  -0.1320866977E+01

 orbital energies:
    -0.2578428E+00 (  -7.016eV)    -0.2578429E+00 (  -7.016eV)
    -0.3189201E+00 (  -8.678eV)    -0.3189202E+00 (  -8.678eV)
    -0.4952006E+00 ( -13.475eV)    -0.4952006E+00 ( -13.475eV)
    -0.9110763E+00 ( -24.792eV)    -0.9110764E+00 ( -24.792eV)

 Total PSPW energy     :  -0.1723652103E+02


=== Spin Contamination ===

 <Sexact^2> =    0.0000000000000000     
 <S^2>      =    1.4804992787276205E-009



== Center of Charge ==

spin up     (   -0.0000,    0.0547,    0.0000 )
spin down   (    0.0000,    0.0547,   -0.0000 )
     total  (   -0.0000,    0.0547,   -0.0000 )
ionic       (    0.0000,    0.1375,    0.0000 )


== Molecular Dipole wrt Center of Mass ==

mu   =  (    0.0000,    0.6624,    0.0000 ) au
|mu| =     0.6624 au,       1.6836 Debye

 output psi filename:./pspw_beef_H2O1.movecs

 Writing Crystallographic Information File:./H2O1.cif
   - cell not shifted (nwpw:cif_shift_cell .false.)


== Timing ==

cputime in seconds
  prologue    :   0.723955E+01
  main loop   :   0.513152E+02
  epilogue    :   0.110904E+00
  total       :   0.586657E+02
  cputime/step:   0.722750E+00       (      71 evalulations,      30 linesearches)


Time spent doing                        total          step       percent
  total time                 :   0.586661E+02  0.826283E+00       100.0 %
  i/o time                   :   0.445918E+01  0.628054E-01         7.6 %
  FFTs                       :   0.160334E+02  0.225823E+00        27.3 %
  dot products               :   0.280441E+00  0.394987E-02         0.5 %
  geodesic                   :   0.482931E+00  0.680184E-02         0.8 %
  ffm_dgemm                  :   0.749201E-01  0.105521E-02         0.1 %
  fmf_dgemm                  :   0.315791E+00  0.444776E-02         0.5 %
  mmm_dgemm                  :   0.210500E-02  0.296479E-04         0.0 %
  m_diagonalize              :   0.174397E-02  0.245630E-04         0.0 %
  exchange correlation       :   0.360215E+02  0.507344E+00        61.4 %
  local pseudopotentials     :   0.248500E-02  0.350000E-04         0.0 %
  non-local pseudopotentials :   0.283197E+00  0.398869E-02         0.5 %
  hartree potentials         :   0.457960E-01  0.645014E-03         0.1 %
  ion-ion interaction        :   0.490800E-02  0.691268E-04         0.0 %
  structure factors          :   0.429788E-01  0.605335E-03         0.1 %
  phase factors              :   0.159990E-04  0.225338E-06         0.0 %
  masking and packing        :   0.116585E+01  0.164204E-01         2.0 %
  queue fft                  :   0.105815E+02  0.149035E+00        18.0 %
  queue fft (serial)         :   0.611549E+01  0.861337E-01        10.4 %
  queue fft (message passing):   0.422100E+01  0.594507E-01         7.2 %
  non-local psp FFM          :   0.153542E+00  0.216256E-02         0.3 %
  non-local psp FMF          :   0.782990E-01  0.110280E-02         0.1 %
  non-local psp FFM A        :   0.238308E-01  0.335646E-03         0.0 %
  non-local psp FFM B        :   0.915100E-01  0.128887E-02         0.2 %

     >>>  JOB COMPLETED     AT Wed Apr  7 17:42:30 2021  <<<
          ****************************************************
          *                                                  *
          *               NWPW PSPW Calculation              *
          *                                                  *
          * [ (Grassmann/Stiefel manifold implementation)  ] *
          *                                                  *
          *      [ NorthWest Chemistry implementation ]      *
          *                                                  *
          *            version #5.10   06/12/02              *
          *                                                  *
          *    This code was developed by Eric J. Bylaska,   *
          *    and was based upon algorithms and code        *
          *    developed by the group of Prof. John H. Weare *
          *                                                  *
          ****************************************************
     >>>  JOB STARTED       AT Wed Apr  7 17:42:30 2021  <<<
          ================ input data ========================
 pseudopotential is not correctly formatted:O.vpp                                             

 Generated formatted_filename: ./O.vpp
 pseudopotential is not correctly formatted:H.vpp                                             

 Generated formatted_filename: ./H.vpp
 Error reading psi - bad grid
 nfft :                   70                   70                   70
 ngrid:                   80                   80                   80
 Error reading psi - bad grid
 nfft :                   70                   70                   70
 ngrid:                   80                   80                   80
 Error reading psi - bad grid

 Grid is being converted:
 ------------------------

 To turn off automatic grid conversion:

 set nwpw:psi_nogrid .false.

 old_filename: pspw_beef_H2O1.movecs                             
 new_filename: pspw_beef_H2O1.movecs                             
 converting  :  70x 70x 70 -->  80x 80x 80
converting .... psi:    1 spin: 1
converting .... psi:    2 spin: 1
converting .... psi:    3 spin: 1
converting .... psi:    4 spin: 1
converting .... psi:    1 spin: 2
converting .... psi:    2 spin: 2
converting .... psi:    3 spin: 2
converting .... psi:    4 spin: 2

 input psi filename:./pspw_beef_H2O1.movecs

 number of processors used:         2
 processor grid           :   2 x   1
 parallel mapping         :2d hilbert
 parallel mapping         :  balanced
 number of threads        :         1
 parallel io              :       off

 options:
      boundary conditions  = periodic    (version3)
      electron spin        = unrestricted
      exchange-correlation = BEEF (White and Bird) parameterization

 elements involved in the cluster:
      1: O   valence charge:  6.0000  lmax=  2
             comment    : Parameterized (Chem.Phys.Lett., vol 322, page 447) Hamman psp
             pseudpotential type            :   0
             highest angular component      :   2
             local potential used           :   2
             number of non-local projections:   4
             cutoff =   0.700   0.700   0.700

      2: H   valence charge:  1.0000  lmax=  1
             comment    : Parameterized (Chem.Phys.Lett., vol 322, page 447) Hamman psp
             pseudpotential type            :   0
             highest angular component      :   1
             local potential used           :   1
             number of non-local projections:   1
             cutoff =   0.800   0.800


 total charge:   0.000

 atomic composition:
     O   :    1     H   :    2

 number of electrons: spin up=     4 (   4 per task)  down=     4 (   4 per task) (Fourier space)
 number of orbitals : spin up=     4 (   4 per task)  down=     4 (   4 per task) (Fourier space)

 supercell:
      cell_name:  cell_default                                      
      lattice:    a1=<  20.000   0.000   0.000 >
                  a2=<   0.000  20.000   0.000 >
                  a3=<   0.000   0.000  20.000 >
      reciprocal: b1=<   0.314   0.000   0.000 >
                  b2=<   0.000   0.314   0.000 >
                  b3=<   0.000   0.000   0.314 >
      lattice:    a=      20.000 b=     20.000 c=      20.000
                  alpha=  90.000 beta=  90.000 gamma=  90.000
                  omega=      8000.0

      density cutoff= 75.000  fft= 80x 80x 80(   124025 waves    62013 per task)
      wavefnc cutoff= 37.500  fft= 80x 80x 80(    43828 waves    21914 per task)
      Ewald summation: cut radius=    6.37  and  1
                       Madelung Wigner-Seitz=    1.76011888 (alpha=    2.83729748 rs=12.40700982)

 technical parameters:
      time step=      5.80     fictitious mass=  400000.0
      tolerance=0.100E-06 (energy)   0.100E-06 (density)
      maximum iterations =      1000 (   10 inner    100 outer )





== Energy Calculation ==


          ============ Grassmann lmbfgs iteration ============
     >>>  ITERATION STARTED AT Wed Apr  7 17:42:38 2021  <<<
    iter.           Energy         DeltaE       DeltaRho 
    ------------------------------------------------------
      10   -0.1725401136E+02   -0.69114E-06    0.25331E-03
      20   -0.1725401361E+02   -0.97606E-07    0.47403E-07
  *** tolerance ok. iteration terminated
     >>>  ITERATION ENDED   AT Wed Apr  7 17:43:22 2021  <<<


==  Summary Of Results  ==

 number of electrons: spin up=    4.00000  down=    4.00000 (real space)

 total     energy    :  -0.1725401361E+02 (   -0.57513E+01/ion)
 total orbital energy:  -0.3958862876E+01 (   -0.49486E+00/electron)
 hartree   energy    :   0.1688848303E+02 (    0.21111E+01/electron)
 exc-corr  energy    :  -0.4301426500E+01 (   -0.53768E+00/electron)
 ion-ion   energy    :   0.2366648438E+01 (    0.78888E+00/ion)

 kinetic (planewave) :   0.1241983115E+02 (    0.15525E+01/electron)
 V_local (planewave) :  -0.4338154096E+02 (   -0.54227E+01/electron)
 V_nl    (planewave) :  -0.1246008761E+01 (   -0.15575E+00/electron)
 V_Coul  (planewave) :   0.3377696606E+02 (    0.42221E+01/electron)
 V_xc.   (planewave) :  -0.5528110363E+01 (   -0.69101E+00/electron)
 Virial Coefficient  :  -0.1318753357E+01

 orbital energies:
    -0.2577218E+00 (  -7.013eV)    -0.2577218E+00 (  -7.013eV)
    -0.3182198E+00 (  -8.659eV)    -0.3182198E+00 (  -8.659eV)
    -0.4952232E+00 ( -13.476eV)    -0.4952232E+00 ( -13.476eV)
    -0.9082666E+00 ( -24.715eV)    -0.9082667E+00 ( -24.715eV)

 Total PSPW energy     :  -0.1725401361E+02


=== Spin Contamination ===

 <Sexact^2> =    0.0000000000000000     
 <S^2>      =    3.8035574689843088E-010



== Center of Charge ==

spin up     (   -0.0000,    0.0545,    0.0000 )
spin down   (    0.0000,    0.0545,   -0.0000 )
     total  (   -0.0000,    0.0545,   -0.0000 )
ionic       (    0.0000,    0.1375,    0.0000 )


== Molecular Dipole wrt Center of Mass ==

mu   =  (    0.0000,    0.6636,    0.0000 ) au
|mu| =     0.6636 au,       1.6867 Debye

 output psi filename:./pspw_beef_H2O1.movecs

 Writing Crystallographic Information File:./H2O1.cif
   - cell not shifted (nwpw:cif_shift_cell .false.)


== Timing ==

cputime in seconds
  prologue    :   0.793801E+01
  main loop   :   0.440114E+02
  epilogue    :   0.159958E+00
  total       :   0.521094E+02
  cputime/step:   0.956770E+00       (      46 evalulations,      17 linesearches)


Time spent doing                        total          step       percent
  total time                 :   0.521099E+02  0.113282E+01       100.0 %
  i/o time                   :   0.524592E+01  0.114042E+00        10.1 %
  FFTs                       :   0.121646E+02  0.264448E+00        23.3 %
  dot products               :   0.260561E+00  0.566438E-02         0.5 %
  geodesic                   :   0.474250E+00  0.103098E-01         0.9 %
  ffm_dgemm                  :   0.710120E-01  0.154374E-02         0.1 %
  fmf_dgemm                  :   0.353873E+00  0.769289E-02         0.7 %
  mmm_dgemm                  :   0.141300E-02  0.307174E-04         0.0 %
  m_diagonalize              :   0.989992E-03  0.215216E-04         0.0 %
  exchange correlation       :   0.310159E+02  0.674260E+00        59.5 %
  local pseudopotentials     :   0.422900E-02  0.919348E-04         0.0 %
  non-local pseudopotentials :   0.329993E+00  0.717376E-02         0.6 %
  hartree potentials         :   0.483440E-01  0.105096E-02         0.1 %
  ion-ion interaction        :   0.621600E-02  0.135130E-03         0.0 %
  structure factors          :   0.517949E-01  0.112598E-02         0.1 %
  phase factors              :   0.110000E-04  0.239130E-06         0.0 %
  masking and packing        :   0.125228E+01  0.272235E-01         2.4 %
  queue fft                  :   0.854667E+01  0.185797E+00        16.4 %
  queue fft (serial)         :   0.383861E+01  0.834480E-01         7.4 %
  queue fft (message passing):   0.446542E+01  0.970743E-01         8.6 %
  non-local psp FFM          :   0.164580E+00  0.357783E-02         0.3 %
  non-local psp FMF          :   0.106479E+00  0.231476E-02         0.2 %
  non-local psp FFM A        :   0.273899E-01  0.595433E-03         0.1 %
  non-local psp FFM B        :   0.106972E+00  0.232548E-02         0.2 %

     >>>  JOB COMPLETED     AT Wed Apr  7 17:43:22 2021  <<<
          ****************************************************
          *                                                  *
          *               NWPW PSPW Calculation              *
          *                                                  *
          * [ (Grassmann/Stiefel manifold implementation)  ] *
          *                                                  *
          *      [ NorthWest Chemistry implementation ]      *
          *                                                  *
          *            version #5.10   06/12/02              *
          *                                                  *
          *    This code was developed by Eric J. Bylaska,   *
          *    and was based upon algorithms and code        *
          *    developed by the group of Prof. John H. Weare *
          *                                                  *
          ****************************************************
     >>>  JOB STARTED       AT Wed Apr  7 17:43:22 2021  <<<
          ================ input data ========================
 pseudopotential is not correctly formatted:O.vpp                                             

 Generated formatted_filename: ./O.vpp
 pseudopotential is not correctly formatted:H.vpp                                             

 Generated formatted_filename: ./H.vpp
 Error reading psi - bad grid
 nfft :                   80                   80                   80
 ngrid:                   96                   96                   96
 Error reading psi - bad grid
 nfft :                   80                   80                   80
 ngrid:                   96                   96                   96
 Error reading psi - bad grid

 Grid is being converted:
 ------------------------

 To turn off automatic grid conversion:

 set nwpw:psi_nogrid .false.

 old_filename: pspw_beef_H2O1.movecs                             
 new_filename: pspw_beef_H2O1.movecs                             
 converting  :  80x 80x 80 -->  96x 96x 96
converting .... psi:    1 spin: 1
converting .... psi:    2 spin: 1
converting .... psi:    3 spin: 1
converting .... psi:    4 spin: 1
converting .... psi:    1 spin: 2
converting .... psi:    2 spin: 2
converting .... psi:    3 spin: 2
converting .... psi:    4 spin: 2

 input psi filename:./pspw_beef_H2O1.movecs

 number of processors used:         2
 processor grid           :   2 x   1
 parallel mapping         :2d hilbert
 parallel mapping         :  balanced
 number of threads        :         1
 parallel io              :       off

 options:
      boundary conditions  = periodic    (version3)
      electron spin        = unrestricted
      exchange-correlation = BEEF (White and Bird) parameterization

 elements involved in the cluster:
      1: O   valence charge:  6.0000  lmax=  2
             comment    : Parameterized (Chem.Phys.Lett., vol 322, page 447) Hamman psp
             pseudpotential type            :   0
             highest angular component      :   2
             local potential used           :   2
             number of non-local projections:   4
             cutoff =   0.700   0.700   0.700

      2: H   valence charge:  1.0000  lmax=  1
             comment    : Parameterized (Chem.Phys.Lett., vol 322, page 447) Hamman psp
             pseudpotential type            :   0
             highest angular component      :   1
             local potential used           :   1
             number of non-local projections:   1
             cutoff =   0.800   0.800


 total charge:   0.000

 atomic composition:
     O   :    1     H   :    2

 number of electrons: spin up=     4 (   4 per task)  down=     4 (   4 per task) (Fourier space)
 number of orbitals : spin up=     4 (   4 per task)  down=     4 (   4 per task) (Fourier space)

 supercell:
      cell_name:  cell_default                                      
      lattice:    a1=<  20.000   0.000   0.000 >
                  a2=<   0.000  20.000   0.000 >
                  a3=<   0.000   0.000  20.000 >
      reciprocal: b1=<   0.314   0.000   0.000 >
                  b2=<   0.000   0.314   0.000 >
                  b3=<   0.000   0.000   0.314 >
      lattice:    a=      20.000 b=     20.000 c=      20.000
                  alpha=  90.000 beta=  90.000 gamma=  90.000
                  omega=      8000.0

      density cutoff=100.000  fft= 96x 96x 96(   191162 waves    95581 per task)
      wavefnc cutoff= 50.000  fft= 96x 96x 96(    67522 waves    33761 per task)
      Ewald summation: cut radius=    6.37  and  1
                       Madelung Wigner-Seitz=    1.76011888 (alpha=    2.83729748 rs=12.40700982)

 technical parameters:
      time step=      5.80     fictitious mass=  400000.0
      tolerance=0.100E-06 (energy)   0.100E-06 (density)
      maximum iterations =      1000 (   10 inner    100 outer )





== Energy Calculation ==


          ============ Grassmann lmbfgs iteration ============
     >>>  ITERATION STARTED AT Wed Apr  7 17:43:36 2021  <<<
    iter.           Energy         DeltaE       DeltaRho 
    ------------------------------------------------------
