 argument  1 = /home/edo/nwchem/mysette/QA/tests/tddftgrad_n2/tddftgrad_n2.nw



============================== echo of input deck ==============================
# Test case for TDDFT analytical gradients for the N2 molecule
# using BNL/3-21G.

echo

start tddftgrad_n2

title "N2 TDDFT Gradients with BNL/3-21G"

geometry noautosym
N     0.00000000    0.00000000   -0.56556494
N     0.00000000    0.00000000    0.56556494
#symmetry c1
end

basis spherical
 * library "3-21G"
end

dft
 xc xbnl07 0.90 lyp 1.00 hfexch 1.00
 cam 0.33 cam_alpha 0.0 cam_beta 1.0
 direct
# grid euler
 convergence energy 1d-9
 grid xfine
end

tddft
 nroots 6
 notriplet
 target 1
 civecs
 grad
   root 1
 end
end
task tddft gradient
================================================================================


                                         
                                         


             Northwest Computational Chemistry Package (NWChem) 7.0.0
             --------------------------------------------------------


                    Environmental Molecular Sciences Laboratory
                       Pacific Northwest National Laboratory
                                Richland, WA 99352

                              Copyright (c) 1994-2019
                       Pacific Northwest National Laboratory
                            Battelle Memorial Institute

             NWChem is an open-source computational chemistry package
                        distributed under the terms of the
                      Educational Community License (ECL) 2.0
             A copy of the license is included with this distribution
                              in the LICENSE.TXT file

                                  ACKNOWLEDGMENT
                                  --------------

            This software and its documentation were developed at the
            EMSL at Pacific Northwest National Laboratory, a multiprogram
            national laboratory, operated for the U.S. Department of Energy
            by Battelle under Contract Number DE-AC05-76RL01830. Support
            for this work was provided by the Department of Energy Office
            of Biological and Environmental Research, Office of Basic
            Energy Sciences, and the Office of Advanced Scientific Computing.


           Job information
           ---------------

    hostname        = durian
    program         = /home/edo/nwchem/mysette/bin/LINUX64/nwchem.ga571
    date            = Fri Feb 14 18:29:55 2020

    compiled        = Fri_Feb_14_13:56:13_2020
    source          = /home/edo/nwchem/mysette
    nwchem branch   = 7.0.0
    nwchem revision = nwchem_on_git-1417-g98b072225
    ga revision     = 5.7.1
    use scalapack   = F
    input           = /home/edo/nwchem/mysette/QA/tests/tddftgrad_n2/tddftgrad_n2.nw
    prefix          = tddftgrad_n2.
    data base       = ./tddftgrad_n2.db
    status          = startup
    nproc           =        2
    time left       =     -1s



           Memory information
           ------------------

    heap     =   13107198 doubles =    100.0 Mbytes
    stack    =   13107195 doubles =    100.0 Mbytes
    global   =   26214400 doubles =    200.0 Mbytes (distinct from heap & stack)
    total    =   52428793 doubles =    400.0 Mbytes
    verify   = yes
    hardfail = no 


           Directory information
           ---------------------

  0 permanent = .
  0 scratch   = .




                                NWChem Input Module
                                -------------------


                         N2 TDDFT Gradients with BNL/3-21G
                         ---------------------------------

 Scaling coordinates for geometry "geometry" by  1.889725989
 (inverse scale =  0.529177249)


          ------
          auto-z
          ------
  no constraints, skipping    0.0000000000000000     
  no constraints, skipping    0.0000000000000000     


                             Geometry "geometry" -> ""
                             -------------------------

 Output coordinates in angstroms (scale by  1.889725989 to convert to a.u.)

  No.       Tag          Charge          X              Y              Z
 ---- ---------------- ---------- -------------- -------------- --------------
    1 N                    7.0000     0.00000000     0.00000000    -0.56556494
    2 N                    7.0000     0.00000000     0.00000000     0.56556494

      Atomic Mass 
      ----------- 

      N                 14.003070


 Effective nuclear repulsion energy (a.u.)      22.9237028032

            Nuclear Dipole moment (a.u.) 
            ----------------------------
        X                 Y               Z
 ---------------- ---------------- ----------------
     0.0000000000     0.0000000000     0.0000000000



                                Z-matrix (autoz)
                                -------- 

 Units are Angstrom for bonds and degrees for angles

      Type          Name      I     J     K     L     M      Value
      ----------- --------  ----- ----- ----- ----- ----- ----------
    1 Stretch                  1     2                       1.13113


            XYZ format geometry
            -------------------
     2
 geometry
 N                     0.00000000     0.00000000    -0.56556494
 N                     0.00000000     0.00000000     0.56556494

 ==============================================================================
                                internuclear distances
 ------------------------------------------------------------------------------
       center one      |      center two      | atomic units |  angstroms
 ------------------------------------------------------------------------------
    2 N                |   1 N                |     2.13753  |     1.13113
 ------------------------------------------------------------------------------
                         number of included internuclear distances:          1
 ==============================================================================





 Summary of "ao basis" -> "" (spherical)
 ------------------------------------------------------------------------------
       Tag                 Description            Shells   Functions and Types
 ---------------- ------------------------------  ------  ---------------------
 *                           3-21G                    on all atoms 


 tddft_input: filename not found; default name will be used

                                 NWChem DFT Module
                                 -----------------


                         N2 TDDFT Gradients with BNL/3-21G


                      Basis "ao basis" -> "ao basis" (spherical)
                      -----
  N (Nitrogen)
  ------------
            Exponent  Coefficients 
       -------------- ---------------------------------------------------------
  1 S  2.42766000E+02  0.059866
  1 S  3.64851000E+01  0.352955
  1 S  7.81449000E+00  0.706513

  2 S  5.42522000E+00 -0.413301
  2 S  1.14915000E+00  1.224420

  3 P  5.42522000E+00  0.237972
  3 P  1.14915000E+00  0.858953

  4 S  2.83205000E-01  1.000000

  5 P  2.83205000E-01  1.000000



 Summary of "ao basis" -> "ao basis" (spherical)
 ------------------------------------------------------------------------------
       Tag                 Description            Shells   Functions and Types
 ---------------- ------------------------------  ------  ---------------------
 N                           3-21G                   5        9   3s2p




 Summary of "ao basis" -> "ao basis" (spherical)
 ------------------------------------------------------------------------------
       Tag                 Description            Shells   Functions and Types
 ---------------- ------------------------------  ------  ---------------------
 N                           3-21G                   5        9   3s2p


  int_init: cando_txs set to always be  F
  Caching 1-el integrals 
  itol2e modified to match energy
  convergence criterion.
  tol_rho modified to match energy
  convergence criterion.

            General Information
            -------------------
          SCF calculation type: DFT
          Wavefunction type:  closed shell.
          No. of atoms     :     2
          No. of electrons :    14
           Alpha electrons :     7
            Beta electrons :     7
          Charge           :     0
          Spin multiplicity:     1
          Use of symmetry is: off; symmetry adaption is: off
          Maximum number of iterations:  30
          This is a Direct SCF calculation.
          AO basis - number of functions:    18
                     number of shells:    10
          Convergence on energy requested:  1.00D-09
          Convergence on density requested:  1.00D-05
          Convergence on gradient requested:  5.00D-04

              XC Information
              --------------
                     Hartree-Fock (Exact) Exchange  1.000          
                   LC-BNL 2007 Exchange Functional  0.900 local    
              Lee-Yang-Parr Correlation Functional  1.000          

           Range-Separation Parameters        
           ---------------------------
           Alpha           :  0.00
           Beta            :  1.00
           Gamma           :  0.33
           Short-Range HF  :     F

             Grid Information
             ----------------
          Grid used for XC integration:  xfine     
          Radial quadrature: Mura-Knowles        
          Angular quadrature: Lebedev. 
          Tag              B.-S. Rad. Rad. Pts. Rad. Cut. Ang. Pts.
          ---              ---------- --------- --------- ---------
          N                   0.65      100           5.0      1454
          Grid pruning is: on 
          Number of quadrature shells:   200
          Spatial weights used:  Erf1

          Convergence Information
          -----------------------
          Convergence aids based upon iterative change in 
          total energy or number of iterations. 
          Levelshifting, if invoked, occurs when the 
          HOMO/LUMO gap drops below (HL_TOL):  1.00D-02
          DIIS, if invoked, will attempt to extrapolate 
          using up to (NFOCK): 10 stored Fock matrices.

                    Damping( 0%)  Levelshifting(0.5)       DIIS
                  --------------- ------------------- ---------------
          dE  on:    start            ASAP                start   
          dE off:    2 iters         30 iters            30 iters 


      Screening Tolerance Information
      -------------------------------
          Density screening/tol_rho:  1.00D-12
          AO Gaussian exp screening on grid/accAOfunc:  21
          CD Gaussian exp screening on grid/accCDfunc:  20
          XC Gaussian exp screening on grid/accXCfunc:  20
          Schwarz screening/accCoul:  1.00D-10


      Superposition of Atomic Density Guess
      -------------------------------------

 Sum of atomic energies:        -108.02672284

      Non-variational initial energy
      ------------------------------

 Total energy =    -108.456200
 1-e energy   =    -192.249764
 2-e energy   =      60.869860
 HOMO         =      -0.393662
 LUMO         =       0.047550

   Time after variat. SCF:      0.2
   Time prior to 1st pass:      0.2

 Grid_pts file          = ./tddftgrad_n2.gridpts.0
 Record size in doubles =  12289        No. of grid_pts per rec  =   3070
 Max. records in memory =     54        Max. recs in file   =    382431

 Grid integrated density:      13.999998904431
 Requested integration accuracy:   0.10E-07

           Memory utilization after 1st SCF pass: 
           Heap Space remaining (MW):       12.44            12443086
          Stack Space remaining (MW):       13.11            13106980

   convergence    iter        energy       DeltaE   RMS-Dens  Diis-err    time
 ---------------- ----- ----------------- --------- --------- ---------  ------
 d= 0,ls=0.0,diis     1   -106.7484023083 -1.30D+02  2.27D-02  5.47D-01     0.7
 Grid integrated density:      13.999998914881
 Requested integration accuracy:   0.10E-07
 d= 0,ls=0.0,diis     2   -106.7715171521 -2.31D-02  4.06D-03  1.07D-02     1.0
 d= 0,ls=0.0,diis     3   -106.7723227653 -8.06D-04  9.69D-04  1.12D-03     1.4
 d= 0,ls=0.0,diis     4   -106.7724311700 -1.08D-04  1.43D-04  4.02D-06     1.8
 d= 0,ls=0.0,diis     5   -106.7724316314 -4.61D-07  1.40D-05  5.18D-09     2.2
 d= 0,ls=0.0,diis     6   -106.7724316324 -9.88D-10  4.64D-07  2.57D-11     2.5


         Total DFT energy =     -106.772431632350
      One electron energy =     -191.861893088560
           Coulomb energy =       73.610611403157
    Exchange-Corr. energy =      -11.444852750188
 Nuclear repulsion energy =       22.923702803241

 Numeric. integr. density =       13.999999994531

     Total iterative time =      2.4s



                       DFT Final Molecular Orbital Analysis
                       ------------------------------------

 Vector    1  Occ=2.000000D+00  E=-1.385518D+01
              MO Center= -4.0D-15, -2.9D-15,  5.5D-04, r^2= 3.4D-01
   Bfn.  Coefficient  Atom+Function         Bfn.  Coefficient  Atom+Function  
  ----- ------------  ---------------      ----- ------------  ---------------
     1      0.694042  1 N  s                 10     -0.694713  2 N  s          
     2      0.082958  1 N  s                 11     -0.083032  2 N  s          
     6     -0.063538  1 N  s                 15      0.063557  2 N  s          
     9     -0.025263  1 N  pz                18     -0.025265  2 N  pz         

 Vector    2  Occ=2.000000D+00  E=-1.385248D+01
              MO Center=  1.3D-15,  1.8D-15, -5.5D-04, r^2= 3.4D-01
   Bfn.  Coefficient  Atom+Function         Bfn.  Coefficient  Atom+Function  
  ----- ------------  ---------------      ----- ------------  ---------------
     1      0.694582  1 N  s                 10      0.693910  2 N  s          
     2      0.075666  1 N  s                 11      0.075586  2 N  s          

 Vector    3  Occ=2.000000D+00  E=-1.194800D+00
              MO Center= -5.3D-13, -2.3D-13,  4.5D-07, r^2= 4.7D-01
   Bfn.  Coefficient  Atom+Function         Bfn.  Coefficient  Atom+Function  
  ----- ------------  ---------------      ----- ------------  ---------------
     6      0.335840  1 N  s                 15      0.335841  2 N  s          
     5      0.222366  1 N  pz                14     -0.222366  2 N  pz         
     2      0.178234  1 N  s                 11      0.178234  2 N  s          
     1     -0.169370  1 N  s                 10     -0.169370  2 N  s          
     9      0.080626  1 N  pz                18     -0.080626  2 N  pz         

 Vector    4  Occ=2.000000D+00  E=-5.877774D-01
              MO Center= -3.4D-12, -3.4D-12,  7.6D-06, r^2= 1.3D+00
   Bfn.  Coefficient  Atom+Function         Bfn.  Coefficient  Atom+Function  
  ----- ------------  ---------------      ----- ------------  ---------------
     6      0.722300  1 N  s                 15     -0.722304  2 N  s          
     1     -0.170295  1 N  s                 10      0.170296  2 N  s          
     2      0.149679  1 N  s                 11     -0.149679  2 N  s          
     5     -0.146147  1 N  pz                14     -0.146151  2 N  pz         
     9     -0.066991  1 N  pz                18     -0.066994  2 N  pz         

 Vector    5  Occ=2.000000D+00  E=-5.332172D-01
              MO Center= -5.6D-12, -5.6D-12,  8.7D-07, r^2= 9.4D-01
   Bfn.  Coefficient  Atom+Function         Bfn.  Coefficient  Atom+Function  
  ----- ------------  ---------------      ----- ------------  ---------------
     3      0.262390  1 N  px                 4      0.261805  1 N  py         
    12      0.262390  2 N  px                13      0.261806  2 N  py         
     7      0.242100  1 N  px                 8      0.241561  1 N  py         
    16      0.242101  2 N  px                17      0.241562  2 N  py         

 Vector    6  Occ=2.000000D+00  E=-5.332172D-01
              MO Center= -1.7D-13,  1.8D-13,  8.7D-07, r^2= 9.4D-01
   Bfn.  Coefficient  Atom+Function         Bfn.  Coefficient  Atom+Function  
  ----- ------------  ---------------      ----- ------------  ---------------
     3      0.261805  1 N  px                 4     -0.262390  1 N  py         
    12      0.261806  2 N  px                13     -0.262390  2 N  py         
     7      0.241561  1 N  px                 8     -0.242100  1 N  py         
    16      0.241562  2 N  px                17     -0.242101  2 N  py         

 Vector    7  Occ=2.000000D+00  E=-4.620675D-01
              MO Center=  5.7D-12,  5.0D-12, -7.8D-06, r^2= 1.3D+00
   Bfn.  Coefficient  Atom+Function         Bfn.  Coefficient  Atom+Function  
  ----- ------------  ---------------      ----- ------------  ---------------
     6     -0.405966  1 N  s                 15     -0.405959  2 N  s          
     5      0.394826  1 N  pz                14     -0.394825  2 N  pz         
     9      0.283728  1 N  pz                18     -0.283728  2 N  pz         
     1      0.074574  1 N  s                 10      0.074572  2 N  s          

 Vector    8  Occ=0.000000D+00  E= 1.029667D-01
              MO Center=  2.2D-12,  2.2D-12, -9.2D-07, r^2= 1.1D+00
   Bfn.  Coefficient  Atom+Function         Bfn.  Coefficient  Atom+Function  
  ----- ------------  ---------------      ----- ------------  ---------------
     7      0.422391  1 N  px                 8      0.421502  1 N  py         
    16     -0.422390  2 N  px                17     -0.421501  2 N  py         
     3      0.294861  1 N  px                 4      0.294241  1 N  py         
    12     -0.294861  2 N  px                13     -0.294240  2 N  py         

 Vector    9  Occ=0.000000D+00  E= 1.029667D-01
              MO Center= -4.6D-14,  4.7D-14, -9.2D-07, r^2= 1.1D+00
   Bfn.  Coefficient  Atom+Function         Bfn.  Coefficient  Atom+Function  
  ----- ------------  ---------------      ----- ------------  ---------------
     7      0.421502  1 N  px                 8     -0.422391  1 N  py         
    16     -0.421501  2 N  px                17      0.422390  2 N  py         
     3      0.294241  1 N  px                 4     -0.294861  1 N  py         
    12     -0.294240  2 N  px                13      0.294861  2 N  py         

 Vector   10  Occ=0.000000D+00  E= 6.249691D-01
              MO Center= -1.7D-13, -1.9D-13,  2.6D-09, r^2= 1.8D+00
   Bfn.  Coefficient  Atom+Function         Bfn.  Coefficient  Atom+Function  
  ----- ------------  ---------------      ----- ------------  ---------------
     6      2.460295  1 N  s                 15     -2.460295  2 N  s          
     9      1.872483  1 N  pz                18      1.872483  2 N  pz         
     5      0.284717  1 N  pz                14      0.284716  2 N  pz         
     1     -0.142410  1 N  s                 10      0.142410  2 N  s          
     2      0.078301  1 N  s                 11     -0.078301  2 N  s          

 Vector   11  Occ=0.000000D+00  E= 1.096299D+00
              MO Center=  1.1D-11,  1.1D-11,  6.1D-06, r^2= 1.3D+00
   Bfn.  Coefficient  Atom+Function         Bfn.  Coefficient  Atom+Function  
  ----- ------------  ---------------      ----- ------------  ---------------
     3      0.521217  1 N  px                 4      0.518671  1 N  py         
    12      0.521222  2 N  px                13      0.518676  2 N  py         
     7     -0.421181  1 N  px                 8     -0.419123  1 N  py         
    16     -0.421188  2 N  px                17     -0.419130  2 N  py         

 Vector   12  Occ=0.000000D+00  E= 1.096299D+00
              MO Center= -5.3D-13,  5.4D-13,  6.1D-06, r^2= 1.3D+00
   Bfn.  Coefficient  Atom+Function         Bfn.  Coefficient  Atom+Function  
  ----- ------------  ---------------      ----- ------------  ---------------
     3      0.518671  1 N  px                 4     -0.521217  1 N  py         
    12      0.518676  2 N  px                13     -0.521222  2 N  py         
     7     -0.419123  1 N  px                 8      0.421181  1 N  py         
    16     -0.419130  2 N  px                17      0.421188  2 N  py         

 Vector   13  Occ=0.000000D+00  E= 1.104611D+00
              MO Center= -1.2D-11, -1.2D-11,  6.7D-06, r^2= 1.8D+00
   Bfn.  Coefficient  Atom+Function         Bfn.  Coefficient  Atom+Function  
  ----- ------------  ---------------      ----- ------------  ---------------
     9      0.879042  1 N  pz                18     -0.879050  2 N  pz         
     5     -0.657895  1 N  pz                14      0.657902  2 N  pz         
     6     -0.154867  1 N  s                 15     -0.154861  2 N  s          
     2     -0.099874  1 N  s                 11     -0.099874  2 N  s          
     1     -0.036943  1 N  s                 10     -0.036943  2 N  s          

 Vector   14  Occ=0.000000D+00  E= 1.212880D+00
              MO Center= -3.3D-11, -3.2D-11, -6.1D-06, r^2= 1.6D+00
   Bfn.  Coefficient  Atom+Function         Bfn.  Coefficient  Atom+Function  
  ----- ------------  ---------------      ----- ------------  ---------------
     7      0.723793  1 N  px                 8      0.720432  1 N  py         
    16     -0.723789  2 N  px                17     -0.720429  2 N  py         
     3     -0.517221  1 N  px                 4     -0.514819  1 N  py         
    12      0.517216  2 N  px                13      0.514814  2 N  py         

 Vector   15  Occ=0.000000D+00  E= 1.212880D+00
              MO Center= -7.8D-13,  7.8D-13, -6.1D-06, r^2= 1.6D+00
   Bfn.  Coefficient  Atom+Function         Bfn.  Coefficient  Atom+Function  
  ----- ------------  ---------------      ----- ------------  ---------------
     7      0.720432  1 N  px                 8     -0.723793  1 N  py         
    16     -0.720429  2 N  px                17      0.723789  2 N  py         
     3     -0.514819  1 N  px                 4      0.517221  1 N  py         
    12      0.514814  2 N  px                13     -0.517216  2 N  py         

 Vector   16  Occ=0.000000D+00  E= 1.229455D+00
              MO Center=  3.3D-11,  3.1D-11, -6.4D-06, r^2= 1.4D+00
   Bfn.  Coefficient  Atom+Function         Bfn.  Coefficient  Atom+Function  
  ----- ------------  ---------------      ----- ------------  ---------------
     9      1.131220  1 N  pz                18      1.131213  2 N  pz         
     5     -0.830077  1 N  pz                14     -0.830072  2 N  pz         
     6      0.821239  1 N  s                 15     -0.821239  2 N  s          
     2      0.063603  1 N  s                 11     -0.063605  2 N  s          

 Vector   17  Occ=0.000000D+00  E= 1.728170D+00
              MO Center=  1.9D-12,  1.4D-12,  2.2D-07, r^2= 1.1D+00
   Bfn.  Coefficient  Atom+Function         Bfn.  Coefficient  Atom+Function  
  ----- ------------  ---------------      ----- ------------  ---------------
     2      1.099024  1 N  s                 11      1.099026  2 N  s          
     6     -0.788923  1 N  s                 15     -0.788930  2 N  s          
     1     -0.066855  1 N  s                 10     -0.066855  2 N  s          
     9     -0.064612  1 N  pz                18      0.064617  2 N  pz         
     5     -0.045959  1 N  pz                14      0.045958  2 N  pz         

 Vector   18  Occ=0.000000D+00  E= 2.350997D+00
              MO Center=  2.1D-12,  2.0D-12, -7.5D-07, r^2= 1.2D+00
   Bfn.  Coefficient  Atom+Function         Bfn.  Coefficient  Atom+Function  
  ----- ------------  ---------------      ----- ------------  ---------------
     6      3.387323  1 N  s                 15     -3.387322  2 N  s          
     9      1.620787  1 N  pz                18      1.620787  2 N  pz         
     2     -1.280070  1 N  s                 11      1.280068  2 N  s          
     5     -0.096581  1 N  pz                14     -0.096581  2 N  pz         


 center of mass
 --------------
 x =   0.00000000 y =   0.00000000 z =   0.00000000

 moments of inertia (a.u.)
 ------------------
          31.990121199252           0.000000000000           0.000000000000
           0.000000000000          31.990121199252           0.000000000000
           0.000000000000           0.000000000000           0.000000000000

     Multipole analysis of the density
     ---------------------------------

     L   x y z        total         alpha         beta         nuclear
     -   - - -        -----         -----         ----         -------
     0   0 0 0     -0.000000     -7.000000     -7.000000     14.000000

     1   1 0 0      0.000000      0.000000      0.000000      0.000000
     1   0 1 0      0.000000      0.000000      0.000000      0.000000
     1   0 0 1     -0.000008     -0.000004     -0.000004      0.000000

     2   2 0 0     -7.487141     -3.743571     -3.743571      0.000000
     2   1 1 0     -0.000000     -0.000000     -0.000000      0.000000
     2   1 0 1     -0.000000     -0.000000     -0.000000      0.000000
     2   0 2 0     -7.487141     -3.743571     -3.743571      0.000000
     2   0 1 1     -0.000000     -0.000000     -0.000000      0.000000
     2   0 0 2     -9.219791    -12.605673    -12.605673     15.991554

  int_init: cando_txs set to always be  F
                                NWChem TDDFT Module
                                -------------------


                         N2 TDDFT Gradients with BNL/3-21G


            General Information
            -------------------
           No. of orbitals :      36
            Alpha orbitals :      18
             Beta orbitals :      18
        Alpha frozen cores :       0
         Beta frozen cores :       0
     Alpha frozen virtuals :       0
      Beta frozen virtuals :       0
         Spin multiplicity :       1
    Number of AO functions :      18
        Use of symmetry is : off
      Symmetry adaption is : off
         Schwarz screening :  0.10D-09

              XC Information
              --------------
              Hartree-Fock (Exact) Exchange   1.00          
            LC-BNL 2007 Exchange Functional   0.90 local    
       Lee-Yang-Parr Correlation Functional   1.00          
           Alpha           :  0.00
           Beta            :  1.00
           Gamma           :  0.33

             TDDFT Information
             -----------------
          Calculation type : TDDFT             
         Wavefunction type : Restricted singlets
          No. of electrons :      14
           Alpha electrons :       7
            Beta electrons :       7
              No. of roots :       6
          Max subspacesize :    5200
            Max iterations :     100
               Target root :       1
           Target symmetry : none
      Symmetry restriction : off
                 Algorithm : Optimal
        Davidson threshold :  0.10D-03

            Memory Information
            ------------------
          Available GA space size is          52428476 doubles
          Available MA space size is          26214012 doubles
          Length of a trial vector is           77
          Algorithm : Incore multiple tensor contraction
          Estimated peak GA usage is           1619372 doubles
          Estimated peak MA usage is             25800 doubles

    6 smallest eigenvalue differences (eV) 
--------------------------------------------------------
  No. Spin  Occ  Vir  Irrep   E(Occ)    E(Vir)   E(Diff)
--------------------------------------------------------
    1    1    7    8 a        -0.462     0.103    15.375
    2    1    7    9 a        -0.462     0.103    15.375
    3    1    6    8 a        -0.533     0.103    17.311
    4    1    5    8 a        -0.533     0.103    17.311
    5    1    6    9 a        -0.533     0.103    17.311
    6    1    5    9 a        -0.533     0.103    17.311
--------------------------------------------------------

  Entering Davidson iterations
  Restricted singlet excited states

  Iter   NTrls   NConv    DeltaV     DeltaE      Time   
  ----  ------  ------  ---------  ---------  --------- 
    1      6       0     0.69E+00   0.10+100        4.8
    2     15       3     0.82E-01   0.12E+00        6.6
    3     21       3     0.14E-01   0.32E-02        5.0
    4     27       5     0.21E-02   0.33E-04        4.0
    5     29       5     0.12E-03   0.33E-06        2.1
    6     31       6     0.16E-04   0.26E-08        1.7
  ----  ------  ------  ---------  ---------  --------- 
  Convergence criterion met

  Ground state a        -106.772431632350 a.u.

  ----------------------------------------------------------------------------
  Root   1 singlet a              0.314677476 a.u.                8.5628 eV 
  ----------------------------------------------------------------------------
     Transition Moments    X -0.00000   Y -0.00000   Z  0.00000
     Transition Moments   XX  0.00000  XY  0.00000  XZ  0.83700
     Transition Moments   YY -0.00000  YZ  0.83552  ZZ -0.00000
     Dipole Oscillator Strength                    0.0000000000
     Electric Quadrupole                           0.0000002321
     Magnetic Dipole                               0.0000081607
     Total Oscillator Strength                     0.0000083928

     Occ.    3  a   ---  Virt.    8  a   -0.05599 X
     Occ.    7  a   ---  Virt.    8  a   -1.00114 X
     Occ.    7  a   ---  Virt.    8  a    0.07152 Y
  ----------------------------------------------------------------------------
  Root   2 singlet a              0.314677476 a.u.                8.5628 eV 
  ----------------------------------------------------------------------------
     Transition Moments    X  0.00000   Y -0.00000   Z  0.00000
     Transition Moments   XX -0.00000  XY  0.00000  XZ -0.83552
     Transition Moments   YY  0.00000  YZ  0.83700  ZZ  0.00000
     Dipole Oscillator Strength                    0.0000000000
     Electric Quadrupole                           0.0000002321
     Magnetic Dipole                               0.0000081607
     Total Oscillator Strength                     0.0000083928

     Occ.    3  a   ---  Virt.    9  a    0.05599 X
     Occ.    7  a   ---  Virt.    9  a    1.00114 X
     Occ.    7  a   ---  Virt.    9  a   -0.07152 Y
  ----------------------------------------------------------------------------
  Root   3 singlet a              0.335515062 a.u.                9.1298 eV 
  ----------------------------------------------------------------------------
     Transition Moments    X -0.00000   Y  0.00000   Z  0.00000
     Transition Moments   XX -0.00000  XY -0.00000  XZ -0.00000
     Transition Moments   YY  0.00000  YZ  0.00000  ZZ  0.00000
     Dipole Oscillator Strength                    0.0000000000
     Electric Quadrupole                           0.0000000000
     Magnetic Dipole                               0.0000000000
     Total Oscillator Strength                     0.0000000000

     Occ.    5  a   ---  Virt.    9  a    0.70735 X
     Occ.    6  a   ---  Virt.    8  a   -0.70735 X
  ----------------------------------------------------------------------------
  Root   4 singlet a              0.370616049 a.u.               10.0850 eV 
  ----------------------------------------------------------------------------
     Transition Moments    X -0.00000   Y  0.00000   Z  0.00000
     Transition Moments   XX -0.00000  XY -0.00000  XZ -0.00000
     Transition Moments   YY  0.00000  YZ  0.00000  ZZ  0.00000
     Dipole Oscillator Strength                    0.0000000000
     Electric Quadrupole                           0.0000000000
     Magnetic Dipole                               0.0000000000
     Total Oscillator Strength                     0.0000000000

     Occ.    5  a   ---  Virt.    9  a    0.70719 X
     Occ.    6  a   ---  Virt.    8  a    0.70719 X
  ----------------------------------------------------------------------------
  Root   5 singlet a              0.370616049 a.u.               10.0850 eV 
  ----------------------------------------------------------------------------
     Transition Moments    X  0.00000   Y  0.00000   Z  0.00000
     Transition Moments   XX  0.00000  XY  0.00000  XZ  0.00000
     Transition Moments   YY  0.00000  YZ  0.00000  ZZ  0.00000
     Dipole Oscillator Strength                    0.0000000000
     Electric Quadrupole                           0.0000000000
     Magnetic Dipole                               0.0000000000
     Total Oscillator Strength                     0.0000000000

     Occ.    5  a   ---  Virt.    8  a   -0.70719 X
     Occ.    6  a   ---  Virt.    9  a    0.70719 X
  ----------------------------------------------------------------------------
  Root   6 singlet a              0.590793769 a.u.               16.0763 eV 
  ----------------------------------------------------------------------------
     Transition Moments    X -0.00000   Y -0.00000   Z -1.17632
     Transition Moments   XX  0.00000  XY  0.00000  XZ -0.00000
     Transition Moments   YY  0.00000  YZ -0.00000  ZZ -0.00000
     Dipole Oscillator Strength                    0.5449949340
     Electric Quadrupole                           0.0000000000
     Magnetic Dipole                               0.0000000000
     Total Oscillator Strength                     0.5449949340

     Occ.    3  a   ---  Virt.   10  a    0.09418 X
     Occ.    5  a   ---  Virt.    8  a   -0.68988 X
     Occ.    5  a   ---  Virt.    8  a    0.17016 Y
     Occ.    6  a   ---  Virt.    9  a   -0.68988 X
     Occ.    6  a   ---  Virt.    9  a    0.17016 Y
     Occ.    7  a   ---  Virt.   10  a    0.29440 X
     Occ.    7  a   ---  Virt.   16  a   -0.10867 X

              Target root =      1
          Target symmetry = none
      Ground state energy =   -106.772431632350
        Excitation energy =      0.314677476413
     Excited state energy =   -106.457754155937

  stored tddft:energy   -106.45775415593749     
 fn_civecs: ./tddftgrad_n2.civecs_singlet                                                                                                                                                                                                                                  

  CI vectors are stored in ./tddftgrad_n2.civecs_singlet   


                           NWChem TDDFT Gradient Module
                           ----------------------------


 ./tddftgrad_n2.civecs_singlet                                                                                                                                                                                                                                  
  int_init: cando_txs set to always be  F
                         N2 TDDFT Gradients with BNL/3-21G


 Calculated gradients of:
 Number of Singlet roots   1
 Singlet roots    1

 Start at time  cpu:       13.0s  wall:       27.0s

 nroot:                     1
TDDFT Energy Check(  1) =       0.31467747641207


Iterative solution of linear equations
  No. of variables       77
  No. of equations        1
  Maximum subspace       40
        Iterations      250
       Convergence  1.0D-04
        Start time     33.4


   iter   nsub   residual    time
   ----  ------  --------  ---------
     1      1    1.16D-02      35.0
     2      2    4.10D-03      36.5
     3      3    1.39D-04      38.2
     4      4    2.11D-05      39.5
  int_init: cando_txs set to always be  F
  intd_init: cando_txs set to always be  F

     Multipole analysis of the density
     ---------------------------------

     L   x y z        total
     -   - - -        -----
     0   0 0 0     -0.000000

     1   1 0 0     -0.000000
     1   0 1 0     -0.000000
     1   0 0 1     -0.000041

     2   2 0 0     -7.864627
     2   1 1 0     -0.458826
     2   1 0 1     -0.000000
     2   0 2 0     -7.862996
     2   0 1 1     -0.000000
     2   0 0 2     -7.935710


     No. of electrons (tr(P*S)):     0.1400000E+02



                         Root   1

                         TDDFT ENERGY GRADIENTS

    atom               coordinates                        gradient
                 x          y          z           x          y          z
   1 N       0.000000   0.000000  -1.068763    0.000000   0.000000   0.271267
   2 N       0.000000   0.000000   1.068763    0.000000   0.000000  -0.271267

 TDDFT Gradient time  cpu:       10.5s  wall:       21.6s

 Task  times  cpu:       23.4s     wall:       48.5s


                                NWChem Input Module
                                -------------------


 Summary of allocated global arrays
-----------------------------------
  No active global arrays



                         GA Statistics for process    0
                         ------------------------------

       create   destroy   get      put      acc     scatter   gather  read&inc
calls: 1078     1078     7.25e+04 1.65e+04 3.29e+04  234        0      811     
number of processes/call -1.15e+14 -2.99e+14 -1.83e+14 0.00e+00 0.00e+00
bytes total:             3.14e+07 3.80e+06 1.82e+07 1.30e+03 0.00e+00 6.49e+03
bytes remote:            2.02e+06 3.72e+05 8.79e+06 -1.30e+03 0.00e+00 0.00e+00
Max memory consumed for GA by this process: 4991472 bytes

MA_summarize_allocated_blocks: starting scan ...
MA_summarize_allocated_blocks: scan completed: 0 heap blocks, 0 stack blocks
MA usage statistics:

	allocation statistics:
					      heap	     stack
					      ----	     -----
	current number of blocks	         0	         0
	maximum number of blocks	        17	       106
	current total bytes		         0	         0
	maximum total bytes		   5312352	  22510328
	maximum total K-bytes		      5313	     22511
	maximum total M-bytes		         6	        23


                                     CITATION
                                     --------
                Please cite the following reference when publishing
                           results obtained with NWChem:

                 M. Valiev, E.J. Bylaska, N. Govind, K. Kowalski,
              T.P. Straatsma, H.J.J. van Dam, D. Wang, J. Nieplocha,
                        E. Apra, T.L. Windus, W.A. de Jong
                 "NWChem: a comprehensive and scalable open-source
                  solution for large scale molecular simulations"
                      Comput. Phys. Commun. 181, 1477 (2010)
                           doi:10.1016/j.cpc.2010.04.018

                                      AUTHORS
                                      -------
     E. Apra, E. J. Bylaska, N. Govind, K. Kowalski, M. Valiev, W. A. de Jong,
      T. P. Straatsma, H. J. J. van Dam, D. Wang, T. L. Windus, N. P. Bauman,
       A. Panyala, J. Hammond, J. Autschbach, K. Bhaskaran-Nair, J. Brabec,
    K. Lopata, S. A. Fischer, S. Krishnamoorthy, M. Jacquelin, W. Ma, M. Klemm,
       O. Villa, Y. Chen, V. Anisimov, F. Aquino, S. Hirata, M. T. Hackler,
           Eric Hermes, L. Jensen, J. E. Moore, J. C. Becca, V. Konjkov,
            D. Mejia-Rodriguez, T. Risthaus, M. Malagoli, A. Marenich,
   A. Otero-de-la-Roza, J. Mullin, P. Nichols, R. Peverati, J. Pittner, Y. Zhao,
        P.-D. Fan, A. Fonari, M. J. Williamson, R. J. Harrison, J. R. Rehr,
      M. Dupuis, D. Silverstein, D. M. A. Smith, J. Nieplocha, V. Tipparaju,
      M. Krishnan, B. E. Van Kuiken, A. Vazquez-Mayagoitia, M. Swart, Q. Wu,
   T. Van Voorhis, A. A. Auer, M. Nooijen, L. D. Crosby, E. Brown, G. Cisneros,
     G. I. Fann, H. Fruchtl, J. Garza, K. Hirao, R. A. Kendall, J. A. Nichols,
       K. Tsemekhman, K. Wolinski, J. Anchell, D. E. Bernholdt, P. Borowski,
       T. Clark, D. Clerc, H. Dachsel, M. J. O. Deegan, K. Dyall, D. Elwood,
      E. Glendening, M. Gutowski, A. C. Hess, J. Jaffe, B. G. Johnson, J. Ju,
        R. Kobayashi, R. Kutteh, Z. Lin, R. Littlefield, X. Long, B. Meng,
      T. Nakajima, S. Niu, L. Pollack, M. Rosing, K. Glaesemann, G. Sandrone,
      M. Stave, H. Taylor, G. Thomas, J. H. van Lenthe, A. T. Wong, Z. Zhang.

 Total times  cpu:       23.4s     wall:       48.6s
